     Assembly listing for: exercicio2.mas
                Assembled: Thu May 04 11:16:05 BRT 2017

         |                          // Igor Amaral 15.00588-7
         |                          // Rodrigo Franciozi 14.04014-0
000 5000 |         INPUT             
001 2010 |         STORE x           
002 5000 |         INPUT             
003 2011 |         STORE y           
004 1011 |  a      LOAD y            
005 4013 |         SUBT i            
006 2011 |         STORE y           
007 8800 |         SKIPCOND 800     // se o y for maior que 0, pula a proxima linha e adiciona mais uma vez o x em z
008 900C |         JUMP b           // se o y for 0 pula pro output
009 1012 |         LOAD z            
00A 3010 |         ADD x             
00B 9004 |         JUMP a           // volta para "a" subtraindo 1 de y e fazendo o teste de novo
00C 1012 |  b      LOAD z            
00D 6000 |         OUTPUT            
00E 9000 |         JUMP 000          
00F 7000 |         HALT              
010 0000 |  x      DEC 0             
011 0000 |  y      DEC 0             
012 0000 |  z      DEC 0             
013 0001 |  i      DEC 1             

Assembly successful.

         SYMBOL TABLE
         --------------------------------------------------
          Symbol | Defined | References 
         --------+---------+-------------------------------
          a      |   004   | 00B
          b      |   00C   | 008
          i      |   013   | 005
          x      |   010   | 001, 00A
          y      |   011   | 003, 004, 006
          z      |   012   | 009, 00C
         --------------------------------------------------

