     Assembly listing for: exercicio2.mas
                Assembled: Thu May 04 17:00:11 BRT 2017

         |                          // Igor Amaral 15.00588-7
         |                          // Rodrigo Franciozi 14.04014-0
000 5000 |         INPUT             
001 2012 |         STORE x           
002 5000 |         INPUT             
003 2013 |         STORE y           
004 1013 |  a      LOAD y            
005 8800 |         SKIPCOND 800      
006 900E |         JUMP f            
007 1013 |         LOAD y            
008 4015 |         SUBT i            
009 2013 |         STORE y           
00A 1014 |         LOAD z            
00B 3012 |         ADD x             
00C 2014 |         STORE z           
00D 9004 |         JUMP a            
00E 1014 |  f      LOAD z            
00F 6000 |         OUTPUT            
010 9000 |         JUMP 000          
011 7000 |         HALT              
012 0000 |  x      DEC 0             
013 0000 |  y      DEC 0             
014 0000 |  z      DEC 0             
015 0001 |  i      DEC 1             

Assembly successful.

         SYMBOL TABLE
         --------------------------------------------------
          Symbol | Defined | References 
         --------+---------+-------------------------------
          a      |   004   | 00D
          f      |   00E   | 006
          i      |   015   | 008
          x      |   012   | 001, 00B
          y      |   013   | 003, 004, 007, 009
          z      |   014   | 00A, 00C, 00E
         --------------------------------------------------

